// Vitest Snapshot v1, https://vitest.dev/guide/snapshot.html

exports[`npm package strategy > commands state 1`] = `
[
  FileWriterCommand {
    "config": {
      "absoluteFilePath": "/this/is/sparta/CHANGELOG.md",
      "content": "## 0.1.1-beta.0 (2024-07-27)

### Features

* ... ([c658ea3](https://github.com/owner/repo_name/commit/c658ea3e060490dced90dfb34c018d88b8e797f9))

## 0.1.0 (2024-07-27)

### Features

* ... ([c658ea3](https://github.com/owner/repo_name/commit/c658ea3e060490dced90dfb34c018d88b8e797f9))
",
      "create": true,
      "logger": {
        "debug": [Function],
        "error": [Function],
        "info": [Function],
        "warn": [Function],
      },
      "mode": "replace",
    },
    "logger": {
      "debug": [Function],
      "error": [Function],
      "info": [Function],
      "warn": [Function],
    },
    "originalFileContent": null,
  },
  GithubCreateReleaseCommand {
    "_fetch": [Function],
    "config": {
      "body": "## 0.1.1-beta.0 (2024-07-27)

### Features

* ... ([c658ea3](https://github.com/owner/repo_name/commit/c658ea3e060490dced90dfb34c018d88b8e797f9))
",
      "headers": {
        "Accept": "application/vnd.github.v3+json",
        "Authorization": "token github-personal-access-token",
      },
      "isStable": false,
      "logger": {
        "debug": [Function],
        "error": [Function],
        "info": [Function],
        "warn": [Function],
      },
      "name": "v0.1.1-beta.0",
      "owner": "elad",
      "repo": "test",
      "tagName": "v0.1.1-beta.0",
    },
    "fetch": [Function],
    "logger": {
      "debug": [Function],
      "error": [Function],
      "info": [Function],
      "warn": [Function],
    },
  },
  GithubCreateIssueCommentsCommand {
    "_fetch": [Function],
    "config": {
      "headers": {
        "Accept": "application/vnd.github.v3+json",
        "Authorization": "token github-personal-access-token",
      },
      "issueComments": [],
      "logger": {
        "debug": [Function],
        "error": [Function],
        "info": [Function],
        "warn": [Function],
      },
      "owner": "",
      "repo": "",
    },
    "createdCommentsResources": [],
    "fetch": [Function],
    "logger": {
      "debug": [Function],
      "error": [Function],
      "info": [Function],
      "warn": [Function],
    },
  },
  NpmBumpPackageVersionCommand {
    "config": {
      "logger": {
        "debug": [Function],
        "error": [Function],
        "info": [Function],
        "warn": [Function],
      },
      "version": "0.1.1-beta.0",
      "workingDirectory": "/this/is/sparta",
    },
    "logger": {
      "debug": [Function],
      "error": [Function],
      "info": [Function],
      "warn": [Function],
    },
    "packageJsonFilePath": "/this/is/sparta/package.json",
  },
  GitTagCommand {
    "config": {
      "logger": {
        "debug": [Function],
        "error": [Function],
        "info": [Function],
        "warn": [Function],
      },
      "name": "v0.1.1-beta.0",
      "remote": "origin-test",
      "workingDirectory": "/this/is/sparta",
    },
    "localTagCreated": false,
    "logger": {
      "debug": [Function],
      "error": [Function],
      "info": [Function],
      "warn": [Function],
    },
    "remote": "origin-test",
    "remoteTagCreated": false,
    "tagRef": "refs/tags/v0.1.1-beta.0",
  },
  GitCommitCommand {
    "config": {
      "actor": "Rick Sanchez <rick.sanchez@github.com>",
      "commitMessage": "chore: release version 0.1.1-beta.0",
      "filePaths": Set {
        "package.json",
        "/this/is/sparta/CHANGELOG.md",
      },
      "logger": {
        "debug": [Function],
        "error": [Function],
        "info": [Function],
        "warn": [Function],
      },
      "workingDirectory": "/this/is/sparta",
    },
    "logger": {
      "debug": [Function],
      "error": [Function],
      "info": [Function],
      "warn": [Function],
    },
  },
  GitPushBranchCommand {
    "config": {
      "branchName": "beta",
      "failWhenRemoteBranchExists": false,
      "logger": {
        "debug": [Function],
        "error": [Function],
        "info": [Function],
        "warn": [Function],
      },
      "remote": "origin-test",
      "workingDirectory": "/this/is/sparta",
    },
    "logger": {
      "debug": [Function],
      "error": [Function],
      "info": [Function],
      "warn": [Function],
    },
    "remote": "origin-test",
  },
  NpmPublishPackageCommand {
    "config": {
      "logger": {
        "debug": [Function],
        "error": [Function],
        "info": [Function],
        "warn": [Function],
      },
      "tag": "beta",
      "workingDirectory": "/this/is/sparta",
    },
    "logger": {
      "debug": [Function],
      "error": [Function],
      "info": [Function],
      "warn": [Function],
    },
    "packageJsonFilePath": "/this/is/sparta/package.json",
  },
]
`;
